// Jest Snapshot v1, https://goo.gl/fbAQLP

exports[`Pruebas en DeleteEventFab debe de mostrarse correctamente 1`] = `
<button
  className="text-white text-2xl bg-red-700 rounded-full bottom-6 left-6 fixed px-6 py-5"
  onClick={[Function]}
>
  <i
    className="fa-solid fa-trash"
  />
</button>
`;
